exports[`App snapshots 1`] = `
<div
  className="page">
  <div
    className="interactions">
    <form
      onSubmit={[Function]}>
      Search 
       
      <input
        onChange={[Function]}
        type="text"
        value="redux" />
      <button
        type="submit">
        Search
      </button>
    </form>
  </div>
  <div
    className="table" />
  <div
    className="interactions">
    <button
      className=""
      onClick={[Function]}
      type="button">
      Give me more
    </button>
  </div>
</div>
`;

exports[`Button snapshot 1`] = `
<button
  className=""
  onClick={undefined}
  type="button">
  Give me more
</button>
`;

exports[`Search snapshot 1`] = `
<form
  onSubmit={undefined}>
  Search 
   
  <input
    onChange={undefined}
    type="text"
    value={undefined} />
  <button
    type="submit">
    Search
  </button>
</form>
`;

exports[`Table snapshot 1`] = `
<div
  className="table">
  <div
    className="table-row">
    <span
      style={
        Object {
          "width": "40%",
        }
      }>
      <a
        href={undefined}>
        1
         
      </a>
    </span>
    <span
      style={
        Object {
          "width": "30%",
        }
      }>
      1
       
    </span>
    <span
      style={
        Object {
          "width": "10%",
        }
      }>
      1
       
    </span>
    <span
      style={
        Object {
          "width": "10%",
        }
      }>
      2
       
    </span>
    <span
      style={
        Object {
          "width": "10%",
        }
      }>
      <button
        className="button-inline"
        onClick={[Function]}
        type="button">
        Remove
      </button>
    </span>
  </div>
  <div
    className="table-row">
    <span
      style={
        Object {
          "width": "40%",
        }
      }>
      <a
        href={undefined}>
        2
         
      </a>
    </span>
    <span
      style={
        Object {
          "width": "30%",
        }
      }>
      2
       
    </span>
    <span
      style={
        Object {
          "width": "10%",
        }
      }>
      1
       
    </span>
    <span
      style={
        Object {
          "width": "10%",
        }
      }>
      2
       
    </span>
    <span
      style={
        Object {
          "width": "10%",
        }
      }>
      <button
        className="button-inline"
        onClick={[Function]}
        type="button">
        Remove
      </button>
    </span>
  </div>
</div>
`;
